Copyright 1986-2022 Xilinx, Inc. All Rights Reserved. Copyright 2022-2026 Advanced Micro Devices, Inc. All Rights Reserved.
---------------------------------------------------------------------------------------------------------------------------------------------------------------------------------------------------------------------------------------
| Tool Version : Vivado v.2026.1 (win64) Build 6511674 Tue Jun 16 11:02:23 MDT 2026
| Date         : Mon Sep 14 15:48:59 2026
| Host         : Jinhong running 64-bit major release  (build 9200)
| Command      : report_timing_summary -max_paths 10 -routable_nets -report_unconstrained -file compare_4_timing_summary_routed.rpt -pb compare_4_timing_summary_routed.pb -rpx compare_4_timing_summary_routed.rpx -warn_on_violation
| Design       : compare_4
| Device       : 7s75-fgga484
| Speed File   : -1  PRODUCTION 1.23 2018-06-13
| Design State : Routed
---------------------------------------------------------------------------------------------------------------------------------------------------------------------------------------------------------------------------------------

Timing Summary Report

------------------------------------------------------------------------------------------------
| Timer Settings
| --------------
------------------------------------------------------------------------------------------------

  Enable Multi Corner Analysis               :  Yes
  Enable Pessimism Removal                   :  Yes
  Pessimism Removal Resolution               :  Nearest Common Node
  Enable Input Delay Default Clock           :  No
  Enable Preset / Clear Arcs                 :  No
  Disable Flight Delays                      :  No
  Ignore I/O Paths                           :  No
  Timing Early Launch at Borrowing Latches   :  No
  Borrow Time for Max Delay Exceptions       :  Yes
  Merge Timing Exceptions                    :  Yes
  Inter-SLR Compensation                     :  Conservative

  Corner  Analyze    Analyze    
  Name    Max Paths  Min Paths  
  ------  ---------  ---------  
  Slow    Yes        Yes        
  Fast    Yes        Yes        


------------------------------------------------------------------------------------------------
| Report Methodology
| ------------------
------------------------------------------------------------------------------------------------

No report available as report_methodology has not been run prior. Run report_methodology on the current design for the summary of methodology violations.



check_timing report

Table of Contents
-----------------
1. checking no_clock (0)
2. checking constant_clock (0)
3. checking pulse_width_clock (0)
4. checking unconstrained_internal_endpoints (0)
5. checking no_input_delay (0)
6. checking no_output_delay (0)
7. checking multiple_clock (0)
8. checking generated_clocks (0)
9. checking loops (0)
10. checking partial_input_delay (0)
11. checking partial_output_delay (0)
12. checking latch_loops (0)

1. checking no_clock (0)
------------------------
 There are 0 register/latch pins with no clock.


2. checking constant_clock (0)
------------------------------
 There are 0 register/latch pins with constant_clock.


3. checking pulse_width_clock (0)
---------------------------------
 There are 0 register/latch pins which need pulse_width check


4. checking unconstrained_internal_endpoints (0)
------------------------------------------------
 There are 0 pins that are not constrained for maximum delay.

 There are 0 pins that are not constrained for maximum delay due to constant clock.


5. checking no_input_delay (0)
------------------------------
 There are 0 input ports with no input delay specified.

 There are 0 input ports with no input delay but user has a false path constraint.


6. checking no_output_delay (0)
-------------------------------
 There are 0 ports with no output delay specified.

 There are 0 ports with no output delay but user has a false path constraint

 There are 0 ports with no output delay but with a timing clock defined on it or propagating through it


7. checking multiple_clock (0)
------------------------------
 There are 0 register/latch pins with multiple clocks.


8. checking generated_clocks (0)
--------------------------------
 There are 0 generated clocks that are not connected to a clock source.


9. checking loops (0)
---------------------
 There are 0 combinational loops in the design.


10. checking partial_input_delay (0)
------------------------------------
 There are 0 input ports with partial input delay specified.


11. checking partial_output_delay (0)
-------------------------------------
 There are 0 ports with partial output delay specified.


12. checking latch_loops (0)
----------------------------
 There are 0 combinational latch loops in the design through latch input



------------------------------------------------------------------------------------------------
| Design Timing Summary
| ---------------------
------------------------------------------------------------------------------------------------

    WNS(ns)      TNS(ns)  TNS Failing Endpoints  TNS Total Endpoints      WHS(ns)      THS(ns)  THS Failing Endpoints  THS Total Endpoints     WPWS(ns)     TPWS(ns)  TPWS Failing Endpoints  TPWS Total Endpoints  
    -------      -------  ---------------------  -------------------      -------      -------  ---------------------  -------------------     --------     --------  ----------------------  --------------------  
        inf        0.000                      0                    3          inf        0.000                      0                    3           NA           NA                      NA                    NA  


There are no user specified timing constraints.


------------------------------------------------------------------------------------------------
| Clock Summary
| -------------
------------------------------------------------------------------------------------------------


------------------------------------------------------------------------------------------------
| Intra Clock Table
| -----------------
------------------------------------------------------------------------------------------------

Clock             WNS(ns)      TNS(ns)  TNS Failing Endpoints  TNS Total Endpoints      WHS(ns)      THS(ns)  THS Failing Endpoints  THS Total Endpoints     WPWS(ns)     TPWS(ns)  TPWS Failing Endpoints  TPWS Total Endpoints  
-----             -------      -------  ---------------------  -------------------      -------      -------  ---------------------  -------------------     --------     --------  ----------------------  --------------------  


------------------------------------------------------------------------------------------------
| Inter Clock Table
| -----------------
------------------------------------------------------------------------------------------------

From Clock    To Clock          WNS(ns)      TNS(ns)  TNS Failing Endpoints  TNS Total Endpoints      WHS(ns)      THS(ns)  THS Failing Endpoints  THS Total Endpoints  
----------    --------          -------      -------  ---------------------  -------------------      -------      -------  ---------------------  -------------------  


------------------------------------------------------------------------------------------------
| Other Path Groups Table
| -----------------------
------------------------------------------------------------------------------------------------

Path Group    From Clock    To Clock          WNS(ns)      TNS(ns)  TNS Failing Endpoints  TNS Total Endpoints      WHS(ns)      THS(ns)  THS Failing Endpoints  THS Total Endpoints  
----------    ----------    --------          -------      -------  ---------------------  -------------------      -------      -------  ---------------------  -------------------  


------------------------------------------------------------------------------------------------
| User Ignored Path Table
| -----------------------
------------------------------------------------------------------------------------------------

Path Group    From Clock    To Clock    
----------    ----------    --------    


------------------------------------------------------------------------------------------------
| Unconstrained Path Table
| ------------------------
------------------------------------------------------------------------------------------------

Path Group    From Clock    To Clock    
----------    ----------    --------    
(none)                                    


------------------------------------------------------------------------------------------------
| Timing Details
| --------------
------------------------------------------------------------------------------------------------


--------------------------------------------------------------------------------------
Path Group:  (none)
From Clock:  
  To Clock:  

Max Delay             3 Endpoints
Min Delay             3 Endpoints
--------------------------------------------------------------------------------------


Max Delay Paths
--------------------------------------------------------------------------------------
Slack:                    inf
  Source:                 a[0]
                            (input port)
  Destination:            o[1]
                            (output port)
  Path Group:             (none)
  Path Type:              Max at Slow Process Corner
  Data Path Delay:        11.309ns  (logic 5.272ns (46.621%)  route 6.037ns (53.379%))
  Logic Levels:           4  (IBUF=1 LUT3=1 LUT6=1 OBUF=1)

    Location             Delay type                Incr(ns)  Path(ns)    Netlist Resource(s)
  -------------------------------------------------------------------    -------------------
    T1                                                0.000     0.000 r  a[0]
                         net (fo=0)                   0.000     0.000    a[0]
    T1                   IBUF (Prop_ibuf_I_O)         1.496     1.496 r  a_IBUF[0]_inst/O
                         net (fo=3, routed)           2.201     3.697    a_IBUF[0]
    SLICE_X85Y85         LUT6 (Prop_lut6_I0_O)        0.124     3.821 r  o_OBUF[1]_inst_i_2/O
                         net (fo=1, routed)           1.190     5.011    o_OBUF[1]_inst_i_2_n_0
    SLICE_X85Y96         LUT3 (Prop_lut3_I2_O)        0.124     5.135 r  o_OBUF[1]_inst_i_1/O
                         net (fo=1, routed)           2.646     7.781    o_OBUF[1]
    M4                   OBUF (Prop_obuf_I_O)         3.528    11.309 r  o_OBUF[1]_inst/O
                         net (fo=0)                   0.000    11.309    o[1]
    M4                                                                r  o[1]
  -------------------------------------------------------------------    -------------------

Slack:                    inf
  Source:                 a[0]
                            (input port)
  Destination:            o[2]
                            (output port)
  Path Group:             (none)
  Path Type:              Max at Slow Process Corner
  Data Path Delay:        10.991ns  (logic 5.271ns (47.960%)  route 5.720ns (52.040%))
  Logic Levels:           4  (IBUF=1 LUT3=1 LUT6=1 OBUF=1)

    Location             Delay type                Incr(ns)  Path(ns)    Netlist Resource(s)
  -------------------------------------------------------------------    -------------------
    T1                                                0.000     0.000 r  a[0]
                         net (fo=0)                   0.000     0.000    a[0]
    T1                   IBUF (Prop_ibuf_I_O)         1.496     1.496 r  a_IBUF[0]_inst/O
                         net (fo=3, routed)           2.202     3.698    a_IBUF[0]
    SLICE_X85Y85         LUT6 (Prop_lut6_I0_O)        0.124     3.822 r  o_OBUF[2]_inst_i_2/O
                         net (fo=1, routed)           0.703     4.525    o_OBUF[2]_inst_i_2_n_0
    SLICE_X85Y96         LUT3 (Prop_lut3_I0_O)        0.124     4.649 r  o_OBUF[2]_inst_i_1/O
                         net (fo=1, routed)           2.814     7.464    o_OBUF[2]
    L4                   OBUF (Prop_obuf_I_O)         3.527    10.991 r  o_OBUF[2]_inst/O
                         net (fo=0)                   0.000    10.991    o[2]
    L4                                                                r  o[2]
  -------------------------------------------------------------------    -------------------

Slack:                    inf
  Source:                 a[0]
                            (input port)
  Destination:            o[0]
                            (output port)
  Path Group:             (none)
  Path Type:              Max at Slow Process Corner
  Data Path Delay:        10.948ns  (logic 5.483ns (50.077%)  route 5.466ns (49.923%))
  Logic Levels:           4  (IBUF=1 LUT3=1 LUT6=1 OBUF=1)

    Location             Delay type                Incr(ns)  Path(ns)    Netlist Resource(s)
  -------------------------------------------------------------------    -------------------
    T1                                                0.000     0.000 f  a[0]
                         net (fo=0)                   0.000     0.000    a[0]
    T1                   IBUF (Prop_ibuf_I_O)         1.496     1.496 f  a_IBUF[0]_inst/O
                         net (fo=3, routed)           2.202     3.698    a_IBUF[0]
    SLICE_X85Y85         LUT6 (Prop_lut6_I1_O)        0.124     3.822 r  o_OBUF[0]_inst_i_2/O
                         net (fo=1, routed)           0.794     4.616    o_OBUF[0]_inst_i_2_n_0
    SLICE_X85Y96         LUT3 (Prop_lut3_I0_O)        0.118     4.734 r  o_OBUF[0]_inst_i_1/O
                         net (fo=1, routed)           2.470     7.204    o_OBUF[0]
    M2                   OBUF (Prop_obuf_I_O)         3.745    10.948 r  o_OBUF[0]_inst/O
                         net (fo=0)                   0.000    10.948    o[0]
    M2                                                                r  o[0]
  -------------------------------------------------------------------    -------------------





Min Delay Paths
--------------------------------------------------------------------------------------
Slack:                    inf
  Source:                 b[3]
                            (input port)
  Destination:            o[1]
                            (output port)
  Path Group:             (none)
  Path Type:              Min at Fast Process Corner
  Data Path Delay:        2.845ns  (logic 1.580ns (55.554%)  route 1.264ns (44.446%))
  Logic Levels:           3  (IBUF=1 LUT3=1 OBUF=1)

    Location             Delay type                Incr(ns)  Path(ns)    Netlist Resource(s)
  -------------------------------------------------------------------    -------------------
    W4                                                0.000     0.000 r  b[3]
                         net (fo=0)                   0.000     0.000    b[3]
    W4                   IBUF (Prop_ibuf_I_O)         0.306     0.306 r  b_IBUF[3]_inst/O
                         net (fo=3, routed)           0.517     0.824    b_IBUF[3]
    SLICE_X85Y96         LUT3 (Prop_lut3_I1_O)        0.045     0.869 r  o_OBUF[1]_inst_i_1/O
                         net (fo=1, routed)           0.747     1.616    o_OBUF[1]
    M4                   OBUF (Prop_obuf_I_O)         1.229     2.845 r  o_OBUF[1]_inst/O
                         net (fo=0)                   0.000     2.845    o[1]
    M4                                                                r  o[1]
  -------------------------------------------------------------------    -------------------

Slack:                    inf
  Source:                 b[3]
                            (input port)
  Destination:            o[0]
                            (output port)
  Path Group:             (none)
  Path Type:              Min at Fast Process Corner
  Data Path Delay:        2.850ns  (logic 1.655ns (58.094%)  route 1.194ns (41.906%))
  Logic Levels:           3  (IBUF=1 LUT3=1 OBUF=1)

    Location             Delay type                Incr(ns)  Path(ns)    Netlist Resource(s)
  -------------------------------------------------------------------    -------------------
    W4                                                0.000     0.000 r  b[3]
                         net (fo=0)                   0.000     0.000    b[3]
    W4                   IBUF (Prop_ibuf_I_O)         0.306     0.306 r  b_IBUF[3]_inst/O
                         net (fo=3, routed)           0.517     0.824    b_IBUF[3]
    SLICE_X85Y96         LUT3 (Prop_lut3_I2_O)        0.044     0.868 r  o_OBUF[0]_inst_i_1/O
                         net (fo=1, routed)           0.677     1.544    o_OBUF[0]
    M2                   OBUF (Prop_obuf_I_O)         1.305     2.850 r  o_OBUF[0]_inst/O
                         net (fo=0)                   0.000     2.850    o[0]
    M2                                                                r  o[0]
  -------------------------------------------------------------------    -------------------

Slack:                    inf
  Source:                 b[3]
                            (input port)
  Destination:            o[2]
                            (output port)
  Path Group:             (none)
  Path Type:              Min at Fast Process Corner
  Data Path Delay:        2.942ns  (logic 1.579ns (53.680%)  route 1.363ns (46.320%))
  Logic Levels:           3  (IBUF=1 LUT3=1 OBUF=1)

    Location             Delay type                Incr(ns)  Path(ns)    Netlist Resource(s)
  -------------------------------------------------------------------    -------------------
    W4                                                0.000     0.000 f  b[3]
                         net (fo=0)                   0.000     0.000    b[3]
    W4                   IBUF (Prop_ibuf_I_O)         0.306     0.306 f  b_IBUF[3]_inst/O
                         net (fo=3, routed)           0.516     0.823    b_IBUF[3]
    SLICE_X85Y96         LUT3 (Prop_lut3_I1_O)        0.045     0.868 r  o_OBUF[2]_inst_i_1/O
                         net (fo=1, routed)           0.846     1.714    o_OBUF[2]
    L4                   OBUF (Prop_obuf_I_O)         1.228     2.942 r  o_OBUF[2]_inst/O
                         net (fo=0)                   0.000     2.942    o[2]
    L4                                                                r  o[2]
  -------------------------------------------------------------------    -------------------





